[INFO] Scanning for projects...
[INFO] 
[INFO] -----------< BarberManagementSystem:BarberManagementSystem >------------
[INFO] Building BarberManagementSystem 0.0.1-SNAPSHOT
[INFO]   from pom.xml
[INFO] --------------------------------[ jar ]---------------------------------
[INFO] 
[INFO] --- resources:3.3.1:resources (default-resources) @ BarberManagementSystem ---
[INFO] Copying 1 resource from src\main\resources to target\classes
[INFO] Copying 1 resource from src\main\resources to target\classes
[INFO] 
[INFO] --- compiler:3.14.1:compile (default-compile) @ BarberManagementSystem ---
[INFO] Recompiling the module because of changed source code.
[INFO] Compiling 59 source files with javac [debug parameters release 21] to target\classes
[INFO] -------------------------------------------------------------
[ERROR] COMPILATION ERROR : 
[INFO] -------------------------------------------------------------
[ERROR] /C:/Users/musad/Desktop/BarberManagementSystem_26505-main/src/main/java/au/ca/ac/rw/service/AppointmentService.java:[34,2] reference to Service is ambiguous
  both class au.ca.ac.rw.entity.Service in au.ca.ac.rw.entity and class org.springframework.stereotype.Service in org.springframework.stereotype match
[ERROR] /C:/Users/musad/Desktop/BarberManagementSystem_26505-main/src/main/java/au/ca/ac/rw/service/AppointmentService.java:[21,1] a type with the same simple name is already defined by the single-type-import of au.ca.ac.rw.entity.Service
[ERROR] /C:/Users/musad/Desktop/BarberManagementSystem_26505-main/src/main/java/au/ca/ac/rw/controller/BarberController.java:[39,13] cannot find symbol
  symbol:   class BarberService
  location: class au.ca.ac.rw.controller.BarberController
[ERROR] /C:/Users/musad/Desktop/BarberManagementSystem_26505-main/src/main/java/au/ca/ac/rw/controller/UserController.java:[40,13] cannot find symbol
  symbol:   class UserService
  location: class au.ca.ac.rw.controller.UserController
[ERROR] /C:/Users/musad/Desktop/BarberManagementSystem_26505-main/src/main/java/au/ca/ac/rw/service/AppointmentService.java:[64,9] reference to Service is ambiguous
  both class au.ca.ac.rw.entity.Service in au.ca.ac.rw.entity and class org.springframework.stereotype.Service in org.springframework.stereotype match
[ERROR] /C:/Users/musad/Desktop/BarberManagementSystem_26505-main/src/main/java/au/ca/ac/rw/controller/UserController.java:[48,18] cannot find symbol
  symbol:   class ResponseStatusException
  location: class au.ca.ac.rw.controller.UserController
[ERROR] /C:/Users/musad/Desktop/BarberManagementSystem_26505-main/src/main/java/au/ca/ac/rw/controller/UserController.java:[87,18] cannot find symbol
  symbol:   class ResponseStatusException
  location: class au.ca.ac.rw.controller.UserController
[ERROR] /C:/Users/musad/Desktop/BarberManagementSystem_26505-main/src/main/java/au/ca/ac/rw/controller/UserController.java:[101,18] cannot find symbol
  symbol:   class ResponseStatusException
  location: class au.ca.ac.rw.controller.UserController
[ERROR] /C:/Users/musad/Desktop/BarberManagementSystem_26505-main/src/main/java/au/ca/ac/rw/controller/UserController.java:[128,18] cannot find symbol
  symbol:   class ResponseStatusException
  location: class au.ca.ac.rw.controller.UserController
[ERROR] /C:/Users/musad/Desktop/BarberManagementSystem_26505-main/src/main/java/au/ca/ac/rw/controller/UserController.java:[143,18] cannot find symbol
  symbol:   class ResponseStatusException
  location: class au.ca.ac.rw.controller.UserController
[ERROR] /C:/Users/musad/Desktop/BarberManagementSystem_26505-main/src/main/java/au/ca/ac/rw/controller/UserController.java:[158,18] cannot find symbol
  symbol:   class ResponseStatusException
  location: class au.ca.ac.rw.controller.UserController
[ERROR] /C:/Users/musad/Desktop/BarberManagementSystem_26505-main/src/main/java/au/ca/ac/rw/controller/UserController.java:[172,18] cannot find symbol
  symbol:   class ResponseStatusException
  location: class au.ca.ac.rw.controller.UserController
[INFO] 12 errors 
[INFO] -------------------------------------------------------------
[INFO] ------------------------------------------------------------------------
[INFO] BUILD FAILURE
[INFO] ------------------------------------------------------------------------
[INFO] Total time:  6.659 s
[INFO] Finished at: 2026-03-12T14:49:47+02:00
[INFO] ------------------------------------------------------------------------
[ERROR] Failed to execute goal org.apache.maven.plugins:maven-compiler-plugin:3.14.1:compile (default-compile) on project BarberManagementSystem: Compilation failure: Compilation failure: 
[ERROR] /C:/Users/musad/Desktop/BarberManagementSystem_26505-main/src/main/java/au/ca/ac/rw/service/AppointmentService.java:[34,2] reference to Service is ambiguous
[ERROR]   both class au.ca.ac.rw.entity.Service in au.ca.ac.rw.entity and class org.springframework.stereotype.Service in org.springframework.stereotype match
[ERROR] /C:/Users/musad/Desktop/BarberManagementSystem_26505-main/src/main/java/au/ca/ac/rw/service/AppointmentService.java:[21,1] a type with the same simple name is already defined by the single-type-import of au.ca.ac.rw.entity.Service
[ERROR] /C:/Users/musad/Desktop/BarberManagementSystem_26505-main/src/main/java/au/ca/ac/rw/controller/BarberController.java:[39,13] cannot find symbol
[ERROR]   symbol:   class BarberService
[ERROR]   location: class au.ca.ac.rw.controller.BarberController
[ERROR] /C:/Users/musad/Desktop/BarberManagementSystem_26505-main/src/main/java/au/ca/ac/rw/controller/UserController.java:[40,13] cannot find symbol
[ERROR]   symbol:   class UserService
[ERROR]   location: class au.ca.ac.rw.controller.UserController
[ERROR] /C:/Users/musad/Desktop/BarberManagementSystem_26505-main/src/main/java/au/ca/ac/rw/service/AppointmentService.java:[64,9] reference to Service is ambiguous
[ERROR]   both class au.ca.ac.rw.entity.Service in au.ca.ac.rw.entity and class org.springframework.stereotype.Service in org.springframework.stereotype match
[ERROR] /C:/Users/musad/Desktop/BarberManagementSystem_26505-main/src/main/java/au/ca/ac/rw/controller/UserController.java:[48,18] cannot find symbol
[ERROR]   symbol:   class ResponseStatusException
[ERROR]   location: class au.ca.ac.rw.controller.UserController
[ERROR] /C:/Users/musad/Desktop/BarberManagementSystem_26505-main/src/main/java/au/ca/ac/rw/controller/UserController.java:[87,18] cannot find symbol
[ERROR]   symbol:   class ResponseStatusException
[ERROR]   location: class au.ca.ac.rw.controller.UserController
[ERROR] /C:/Users/musad/Desktop/BarberManagementSystem_26505-main/src/main/java/au/ca/ac/rw/controller/UserController.java:[101,18] cannot find symbol
[ERROR]   symbol:   class ResponseStatusException
[ERROR]   location: class au.ca.ac.rw.controller.UserController
[ERROR] /C:/Users/musad/Desktop/BarberManagementSystem_26505-main/src/main/java/au/ca/ac/rw/controller/UserController.java:[128,18] cannot find symbol
[ERROR]   symbol:   class ResponseStatusException
[ERROR]   location: class au.ca.ac.rw.controller.UserController
[ERROR] /C:/Users/musad/Desktop/BarberManagementSystem_26505-main/src/main/java/au/ca/ac/rw/controller/UserController.java:[143,18] cannot find symbol
[ERROR]   symbol:   class ResponseStatusException
[ERROR]   location: class au.ca.ac.rw.controller.UserController
[ERROR] /C:/Users/musad/Desktop/BarberManagementSystem_26505-main/src/main/java/au/ca/ac/rw/controller/UserController.java:[158,18] cannot find symbol
[ERROR]   symbol:   class ResponseStatusException
[ERROR]   location: class au.ca.ac.rw.controller.UserController
[ERROR] /C:/Users/musad/Desktop/BarberManagementSystem_26505-main/src/main/java/au/ca/ac/rw/controller/UserController.java:[172,18] cannot find symbol
[ERROR]   symbol:   class ResponseStatusException
[ERROR]   location: class au.ca.ac.rw.controller.UserController
[ERROR] -> [Help 1]
[ERROR] 
[ERROR] To see the full stack trace of the errors, re-run Maven with the -e switch.
[ERROR] Re-run Maven using the -X switch to enable full debug logging.
[ERROR] 
[ERROR] For more information about the errors and possible solutions, please read the following articles:
[ERROR] [Help 1] http://cwiki.apache.org/confluence/display/MAVEN/MojoFailureException
